19:27:36 **** Incremental Build of configuration Debug for project DHT11_CAN_F446 ****
make -j8 all 
arm-none-eabi-gcc "../Core/Src/main.c" -mcpu=cortex-m4 -std=gnu11 -g3 -DDEBUG -DUSE_HAL_DRIVER -DSTM32F446xx -c -I../Core/Inc -I../Drivers/STM32F4xx_HAL_Driver/Inc -I../Drivers/STM32F4xx_HAL_Driver/Inc/Legacy -I../Drivers/CMSIS/Device/ST/STM32F4xx/Include -I../Drivers/CMSIS/Include -O0 -ffunction-sections -fdata-sections -Wall -fstack-usage -MMD -MP -MF"Core/Src/main.d" -MT"Core/Src/main.o" --specs=nano.specs -mfpu=fpv4-sp-d16 -mfloat-abi=hard -mthumb -o "Core/Src/main.o"
arm-none-eabi-gcc -o "DHT11_CAN_F446.elf" @"objects.list"   -mcpu=cortex-m4 -T"D:\MASAUSTU\Guncel\Workspaces\CANBUS_Project\DHT11_CAN_F446\STM32F446RETX_FLASH.ld" --specs=nosys.specs -Wl,-Map="DHT11_CAN_F446.map" -Wl,--gc-sections -static --specs=nano.specs -mfpu=fpv4-sp-d16 -mfloat-abi=hard -mthumb -Wl,--start-group -lc -lm -Wl,--end-group
Finished building target: DHT11_CAN_F446.elf
 
arm-none-eabi-size   DHT11_CAN_F446.elf 
arm-none-eabi-objdump -h -S  DHT11_CAN_F446.elf  > "DHT11_CAN_F446.list"
arm-none-eabi-objcopy  -O binary  DHT11_CAN_F446.elf  "DHT11_CAN_F446.bin"
   text	   data	    bss	    dec	    hex	filename
  13232	     20	   1836	  15088	   3af0	DHT11_CAN_F446.elf
Finished building: default.size.stdout
 
Finished building: DHT11_CAN_F446.bin
 
Finished building: DHT11_CAN_F446.list
 

19:27:38 Build Finished. 0 errors, 0 warnings. (took 2s.642ms)

