22:31:52 **** Incremental Build of configuration Debug for project HCSR04_CAN_F103 ****
make -j8 all 
arm-none-eabi-gcc "../Core/Src/main.c" -mcpu=cortex-m3 -std=gnu11 -g3 -DDEBUG -DUSE_HAL_DRIVER -DSTM32F103xB -c -I../Core/Inc -I../Drivers/STM32F1xx_HAL_Driver/Inc -I../Drivers/STM32F1xx_HAL_Driver/Inc/Legacy -I../Drivers/CMSIS/Device/ST/STM32F1xx/Include -I../Drivers/CMSIS/Include -O0 -ffunction-sections -fdata-sections -Wall -fstack-usage -MMD -MP -MF"Core/Src/main.d" -MT"Core/Src/main.o" --specs=nano.specs -mfloat-abi=soft -mthumb -o "Core/Src/main.o"
arm-none-eabi-gcc -o "HCSR04_CAN_F103.elf" @"objects.list"   -mcpu=cortex-m3 -T"D:\MASAUSTU\Guncel\Workspaces\CANBUS_Project\HCSR04_CAN_F103\STM32F103RBTX_FLASH.ld" --specs=nosys.specs -Wl,-Map="HCSR04_CAN_F103.map" -Wl,--gc-sections -static --specs=nano.specs -mfloat-abi=soft -mthumb -Wl,--start-group -lc -lm -Wl,--end-group
Finished building target: HCSR04_CAN_F103.elf
 
arm-none-eabi-size   HCSR04_CAN_F103.elf 
arm-none-eabi-objdump -h -S  HCSR04_CAN_F103.elf  > "HCSR04_CAN_F103.list"
arm-none-eabi-objcopy  -O binary  HCSR04_CAN_F103.elf  "HCSR04_CAN_F103.bin"
   text	   data	    bss	    dec	    hex	filename
  15100	     20	   1844	  16964	   4244	HCSR04_CAN_F103.elf
Finished building: default.size.stdout
 
Finished building: HCSR04_CAN_F103.bin
 
Finished building: HCSR04_CAN_F103.list
 

22:31:53 Build Finished. 0 errors, 0 warnings. (took 1s.148ms)

